  Determining projects to restore...
  All projects are up-to-date for restore.
  DataAccessLayer_FranLink -> D:\FranLink_PRN222\FranLink_BE\DataAccessLayer_FranLink\bin\Debug\net9.0\DataAccessLayer_FranLink.dll
  BusinessLogicLayer_FranLink -> D:\FranLink_PRN222\FranLink_BE\BusinessLogicLayer_FranLink\bin\Debug\net9.0\BusinessLogicLayer_FranLink.dll
  PresentationLayer_FranLink -> D:\FranLink_PRN222\FranLink_BE\PresentationLayer_FranLink\bin\Debug\net9.0\PresentationLayer_FranLink.dll

Build succeeded.
    0 Warning(s)
    0 Error(s)

Time Elapsed 00:00:01.33
